../Core/Src/main.c:75:23:clamp_u8	16	static
../Core/Src/main.c:82:13:image_negative	32	static
../Core/Src/main.c:87:13:image_threshold	32	static
../Core/Src/main.c:93:13:build_gamma_lut	32	static
../Core/Src/main.c:102:13:image_gamma_lut	32	static
../Core/Src/main.c:108:13:image_piecewise_linear	56	static
../Core/Src/main.c:122:13:run_image_ops	544	static
../Core/Src/main.c:159:5:main	8	static
../Core/Src/main.c:186:6:SystemClock_Config	88	static
../Core/Src/main.c:228:13:MX_USART2_UART_Init	8	static
../Core/Src/main.c:248:13:MX_GPIO_Init	48	static
../Core/Src/main.c:279:6:Error_Handler	4	static,ignoring_inline_asm
